Check if file is ignored
